
                                 *****************
                                 * O   R   C   A *
                                 *****************

                                            #,                                       
                                            ###                                      
                                            ####                                     
                                            #####                                    
                                            ######                                   
                                           ########,                                 
                                     ,,################,,,,,                         
                               ,,#################################,,                 
                          ,,##########################################,,             
                       ,#########################################, ''#####,          
                    ,#############################################,,   '####,        
                  ,##################################################,,,,####,       
                ,###########''''           ''''###############################       
              ,#####''   ,,,,##########,,,,          '''####'''          '####       
            ,##' ,,,,###########################,,,                        '##       
           ' ,,###''''                  '''############,,,                           
         ,,##''                                '''############,,,,        ,,,,,,###''
      ,#''                                            '''#######################'''  
     '                                                          ''''####''''         
             ,#######,   #######,   ,#######,      ##                                
            ,#'     '#,  ##    ##  ,#'     '#,    #''#        ######   ,####,        
            ##       ##  ##   ,#'  ##            #'  '#       #        #'  '#        
            ##       ##  #######   ##           ,######,      #####,   #    #        
            '#,     ,#'  ##    ##  '#,     ,#' ,#      #,         ##   #,  ,#        
             '#######'   ##     ##  '#######'  #'      '#     #####' # '####'        



                  #######################################################
                  #                        -***-                        #
                  #          Department of theory and spectroscopy      #
                  #    Directorship and core code : Frank Neese         #
                  #        Max Planck Institute fuer Kohlenforschung    #
                  #                Kaiser Wilhelm Platz 1               #
                  #                 D-45470 Muelheim/Ruhr               #
                  #                      Germany                        #
                  #                                                     #
                  #                  All rights reserved                #
                  #                        -***-                        #
                  #######################################################


                         Program Version 5.0.3 -  RELEASE  -


 With contributions from (in alphabetic order):
   Daniel Aravena         : Magnetic Suceptibility
   Michael Atanasov       : Ab Initio Ligand Field Theory (pilot matlab implementation)
   Alexander A. Auer      : GIAO ZORA, VPT2 properties, NMR spectrum
   Ute Becker             : Parallelization
   Giovanni Bistoni       : ED, misc. LED, open-shell LED, HFLD
   Martin Brehm           : Molecular dynamics
   Dmytro Bykov           : SCF Hessian
   Vijay G. Chilkuri      : MRCI spin determinant printing, contributions to CSF-ICE
   Dipayan Datta          : RHF DLPNO-CCSD density
   Achintya Kumar Dutta   : EOM-CC, STEOM-CC
   Dmitry Ganyushin       : Spin-Orbit,Spin-Spin,Magnetic field MRCI
   Miquel Garcia          : C-PCM and meta-GGA Hessian, CC/C-PCM, Gaussian charge scheme
   Yang Guo               : DLPNO-NEVPT2, F12-NEVPT2, CIM, IAO-localization
   Andreas Hansen         : Spin unrestricted coupled pair/coupled cluster methods
   Benjamin Helmich-Paris : MC-RPA, TRAH-SCF, COSX integrals
   Lee Huntington         : MR-EOM, pCC
   Robert Izsak           : Overlap fitted RIJCOSX, COSX-SCS-MP3, EOM
   Marcus Kettner         : VPT2
   Christian Kollmar      : KDIIS, OOCD, Brueckner-CCSD(T), CCSD density, CASPT2, CASPT2-K
   Simone Kossmann        : Meta GGA functionals, TD-DFT gradient, OOMP2, MP2 Hessian
   Martin Krupicka        : Initial AUTO-CI
   Lucas Lang             : DCDCAS
   Marvin Lechner         : AUTO-CI (C++ implementation), FIC-MRCC
   Dagmar Lenk            : GEPOL surface, SMD
   Dimitrios Liakos       : Extrapolation schemes; Compound Job, initial MDCI parallelization
   Dimitrios Manganas     : Further ROCIS development; embedding schemes
   Dimitrios Pantazis     : SARC Basis sets
   Anastasios Papadopoulos: AUTO-CI, single reference methods and gradients
   Taras Petrenko         : DFT Hessian,TD-DFT gradient, ASA, ECA, R-Raman, ABS, FL, XAS/XES, NRVS
   Peter Pinski           : DLPNO-MP2, DLPNO-MP2 Gradient
   Christoph Reimann      : Effective Core Potentials
   Marius Retegan         : Local ZFS, SOC
   Christoph Riplinger    : Optimizer, TS searches, QM/MM, DLPNO-CCSD(T), (RO)-DLPNO pert. Triples
   Tobias Risthaus        : Range-separated hybrids, TD-DFT gradient, RPA, STAB
   Michael Roemelt        : Original ROCIS implementation
   Masaaki Saitow         : Open-shell DLPNO-CCSD energy and density
   Barbara Sandhoefer     : DKH picture change effects
   Avijit Sen             : IP-ROCIS
   Kantharuban Sivalingam : CASSCF convergence, NEVPT2, FIC-MRCI
   Bernardo de Souza      : ESD, SOC TD-DFT
   Georgi Stoychev        : AutoAux, RI-MP2 NMR, DLPNO-MP2 response
   Willem Van den Heuvel  : Paramagnetic NMR
   Boris Wezisla          : Elementary symmetry handling
   Frank Wennmohs         : Technical directorship


 We gratefully acknowledge several colleagues who have allowed us to
 interface, adapt or use parts of their codes:
   Stefan Grimme, W. Hujo, H. Kruse, P. Pracht,  : VdW corrections, initial TS optimization,
                  C. Bannwarth, S. Ehlert          DFT functionals, gCP, sTDA/sTD-DF
   Ed Valeev, F. Pavosevic, A. Kumar             : LibInt (2-el integral package), F12 methods
   Garnet Chan, S. Sharma, J. Yang, R. Olivares  : DMRG
   Ulf Ekstrom                                   : XCFun DFT Library
   Mihaly Kallay                                 : mrcc  (arbitrary order and MRCC methods)
   Jiri Pittner, Ondrej Demel                    : Mk-CCSD
   Frank Weinhold                                : gennbo (NPA and NBO analysis)
   Christopher J. Cramer and Donald G. Truhlar   : smd solvation model
   Lars Goerigk                                  : TD-DFT with DH, B97 family of functionals
   V. Asgeirsson, H. Jonsson                     : NEB implementation
   FAccTs GmbH                                   : IRC, NEB, NEB-TS, DLPNO-Multilevel, CI-OPT
                                                   MM, QMMM, 2- and 3-layer-ONIOM, Crystal-QMMM,
                                                   LR-CPCM, SF, NACMEs, symmetry and pop. for TD-DFT,
                                                   nearIR, NL-DFT gradient (VV10), updates on ESD,
                                                   ML-optimized integration grids
   S Lehtola, MJT Oliveira, MAL Marques          : LibXC Library
   Liviu Ungur et al                             : ANISO software


 Your calculation uses the libint2 library for the computation of 2-el integrals
 For citations please refer to: http://libint.valeyev.net

 Your ORCA version has been built with support for libXC version: 5.1.0
 For citations please refer to: https://tddft.org/programs/libxc/

 This ORCA versions uses:
   CBLAS   interface :  Fast vector & matrix operations
   LAPACKE interface :  Fast linear algebra routines
   SCALAPACK package :  Parallel linear algebra routines
   Shared memory     :  Shared parallel matrices
   BLAS/LAPACK       :  OpenBLAS 0.3.15  USE64BITINT DYNAMIC_ARCH NO_AFFINITY Zen SINGLE_THREADED
        Core in use  :  Zen
   Copyright (c) 2011-2014, The OpenBLAS Project


Your calculation utilizes the semiempirical GFN2-xTB method
Please cite in your paper:
C. Bannwarth, Ehlert S., S. Grimme,  J. Chem. Theory Comput., 15, (2019), 1652.
   

Your calculation utilizes a Nudged-Elastic-Band implementation
 by V.Asgeirsson, C. Riplinger & H. Jonsson
Please cite in your paper:
 V. Asgeirsson et al., in prep. (2019)
   

================================================================================

================================================================================
                                        WARNINGS
                       Please study these warnings very carefully!
================================================================================


WARNING: Geometry Optimization
  ===> : Switching off AutoStart
         For restart on a previous wavefunction, please use MOREAD

WARNING: Found dipole moment calculation with XTB calculation
  ===> : Switching off dipole moment calculation


WARNING: TRAH-SCF for XTB is not implemented!
  ===> : Turning TRAH off!

================================================================================
                                       INPUT FILE
================================================================================
NAME = calc.inp
|  1> !NEB xtb2
|  2> *xyz -1 1
|  3> C   -0.70637438   0.17262761   0.33274280
|  4> C    0.66341999  -0.09380323  -0.02190072
|  5> Cl   0.93285615  -0.54317439  -2.00868470
|  6> H   -0.75988375   0.40510595   1.41897230
|  7> H   -1.35842310  -0.68636215   0.17450073
|  8> H   -1.11501365   1.04130165  -0.18353795
|  9> H    1.09141043  -0.99646697   0.39572993
| 10> H    1.33775101   0.75153227   0.03379214
| 11> O   -0.97892360   0.73164394   2.84233599
| 12> H   -1.92653911   0.89354531   2.87895947
| 13> *
| 14> %neb
| 15> product "struct2.xyz"
| 16> nimages 3
| 17> end
| 18> %MaxCore 500
| 19> %pal
| 20> nprocs 4
| 21> endd                         ****END OF INPUT****
================================================================================


--------------------------------------------------------------------------------
                        Nudged Elastic Band Calculation
--------------------------------------------------------------------------------

Number of images (incl. end points)     ....  5
Number of intermediate images           ....  3
Number of optimized images              ....  3
Optimization of end points before NEB   ....  NO
Use existing gbw files for MO input     ....  NO
Number of atoms                         ....  10
Number of (active) degrees of freedom   ....  30
Constrained atoms                       ....  None

-----------------------------------------
  REACTANT (ANGSTROEM)
-----------------------------------------
C     -0.706374     0.172628     0.332743 
C      0.663420    -0.093803    -0.021901 
Cl     0.932856    -0.543174    -2.008685 
H     -0.759884     0.405106     1.418972 
H     -1.358423    -0.686362     0.174501 
H     -1.115014     1.041302    -0.183538 
H      1.091410    -0.996467     0.395730 
H      1.337751     0.751532     0.033792 
O     -0.978924     0.731644     2.842336 
H     -1.926539     0.893545     2.878959 

-----------------------------------------
  PRODUCT (ANGSTROEM)
-----------------------------------------
C     -0.729594     0.139917     0.166324 
C      0.579393    -0.057938     0.097859 
Cl     1.400444    -0.712556    -2.529425 
H     -0.708816     0.519946     2.028872 
H     -1.421517    -0.678807     0.301776 
H     -1.171974     1.098110    -0.065455 
H      1.017051    -1.026619     0.257712 
H      1.265563     0.743432    -0.107920 
O     -1.054610     0.756266     2.918446 
H     -1.995661     0.894200     2.794721 



----------------------
NEB settings
----------------------
Method type                             ....  regular
Free endpoints                          ....  off 
Tangent type                            ....  improved 
Number of intermediate images           ....  3 
Number of images free to move           ....  3 
Spring type for image distribution      ....  distance between adjacent images 
Spring constant                         ....  energy weighted (0.0100 -to- 0.1000) Eh/Bohr^2 
Spring force perp. to the path          ....  none 
Generation of initial path              ....  image dependent pair potential 
Initial path via TS guess               ....  off 

Minimization of RMSD: Rotation          ....  always 
Minimization of RMSD: Translation type  ....  centroid 
Center fixed to origin                  ....  true 
Remove external force                   ....  true 

Reparametrization of the path           ....  off 
Convergence thresholds:
Convergence monitored for               ....  all images
               Max(|F|)                 ....  1.00e-03 Eh/Bohr
               RMS(F)                   ....  5.00e-04 Eh/Bohr
Optimization method:
Method                                  ....  L-BFGS
Max. iterations                         ....  500 
Step size                               ....  1.00 
Maximum allowed step size               ....  0.10 Bohr

LBFGS parameters: 
               Memory                   ....  20 
               Initial step size        ....  0.0010 
               Estimate curvature       ....  YES 
               Reset on maxmove         ....  YES 
               Reparam. on reset        ....  NO 
Generation of  the initial path:
Minimize RMSD between reactant and product configurations     .... done
       RMSD before minimization         ....  0.3575 Bohr
       RMSD after minimization          ....  0.3575 Bohr
Performing linear interpolation         ....  done
Interpolation using                     ....  IDPP (Image Dependent Pair Potential)
IDPP-Settings:
       Remove global transl. and rot.   ...   true
       Convergence tolerance            ....  0.0100 1/Ang.^3
       Max. numer of iterations         ....    7000
       Spring constant                  ....  1.0000 1/Ang.^4
       Time step                        ....  0.0100 fs
       Max. movement per iteration      ....  0.0500 Ang.
       Full print                       ....  false 
idpp initial path generation successfully converged in 46 iterations
Displacement along initial path:              1.9583 Bohr
Writing initial trajectory to file      ....  calc_initial_path_trj.xyz



----------------------
NEB OPTIMIZATION      
----------------------

Following output files will be written:
Energy profile during opt. written to    ....  calc.interp
Optimization log-file                    ....  calc.NEB.log
Current trajectory will be written to    ....  calc_MEP_trj.xyz
       and to allxyz file                ....  calc_MEP.allxyz
       and individual images to xyz file ....  calc_im{NIm}.xyz
Trajectory history will be written to    ....  calc_MEP_ALL_trj.xyz
Highest energy image will be written to  ....  calc_NEB-HEI_converged.xyz

Single point energy and gradient calculation of reactant and
product configurations (have to be performed only once)
Properties of fixed NEB end points:
               Reactant:
                         E               ....    -16.102995 Eh
                         RMS(F)          ....      0.011786 Eh/Bohr
                         MAX(|F|)        ....      0.044589 Eh/Bohr
      Warning: Reactant seems to be less converged than convergence tolerances.
               You might want to use free end NEB or preopt_ends true.
               Product:
                         E               ....    -16.134439 Eh
                         RMS(F)          ....      0.000988 Eh/Bohr
                         MAX(|F|)        ....      0.003756 Eh/Bohr
      Warning: Product seems to be less converged than convergence tolerances.
               You might want to use free end NEB or preopt_ends true.



Starting iterations:

Optim.  Iteration  HEI  E(HEI)-E(0)  max(|Fp|)   RMS(Fp)    dS
Convergence thresholds               0.001000   0.000500 
Warning: path is strictly decreasing in energy   LBFGS     0      0    0.000000    0.037650   0.006636  1.9583       
Warning: path is strictly decreasing in energy   LBFGS     1      0    0.000000    0.023052   0.005265  1.9898       
Warning: path is strictly decreasing in energy   LBFGS     2      0    0.000000    0.047533   0.005861  2.0565       
Warning: path is strictly decreasing in energy   LBFGS     3      0    0.000000    0.011243   0.002244  2.0453       
Warning: path is strictly decreasing in energy   LBFGS     4      0    0.000000    0.008437   0.001637  2.0511       
Warning: path is strictly decreasing in energy   LBFGS     5      0    0.000000    0.010452   0.001616  2.0813       
Warning: path is strictly decreasing in energy   LBFGS     6      0    0.000000    0.017647   0.002931  2.1477       
Warning: path is strictly decreasing in energy   LBFGS     7      0    0.000000    0.003780   0.000843  2.1591       
Warning: path is strictly decreasing in energy   LBFGS     8      0    0.000000    0.003225   0.000635  2.1530       
Warning: path is strictly decreasing in energy   LBFGS     9      0    0.000000    0.005236   0.000733  2.1536       
Warning: path is strictly decreasing in energy   LBFGS    10      0    0.000000    0.007145   0.001192  2.1753       
Warning: path is strictly decreasing in energy   LBFGS    11      0    0.000000    0.004364   0.000622  2.2002       
Warning: path is strictly decreasing in energy   LBFGS    12      0    0.000000    0.001409   0.000394  2.2155       
Warning: path is strictly decreasing in energy   LBFGS    13      0    0.000000    0.002577   0.000415  2.2304       
Warning: path is strictly decreasing in energy   LBFGS    14      0    0.000000    0.002988   0.000574  2.2440       
Warning: path is strictly decreasing in energy   LBFGS    15      0    0.000000    0.003435   0.000584  2.2579       
Warning: path is strictly decreasing in energy   LBFGS    16      0    0.000000    0.001076   0.000276  2.2503       
Warning: path is strictly decreasing in energy   LBFGS    17      0    0.000000    0.001430   0.000264  2.2368       
Warning: path is strictly decreasing in energy   LBFGS    18      0    0.000000    0.001427   0.000257  2.2338       
Warning: path is strictly decreasing in energy   LBFGS    19      0    0.000000    0.003281   0.000485  2.2435       
Warning: path is strictly decreasing in energy   LBFGS    20      0    0.000000    0.000439   0.000128  2.2549       

                                .--------------------.
          ----------------------|   NEB convergence  |-------------------------
          Item                value                   Tolerance       Converged
          ---------------------------------------------------------------------
          RMS(Fp)             0.0001280407            0.0005000000      YES
          MAX(|Fp|)           0.0004389352            0.0010000000      YES
          ---------------------------------------------------------------------

The elastic band has converged successfully in 20 iterations!


                    *********************H U R R A Y*********************
                    ***        THE NEB OPTIMIZATION HAS CONVERGED     ***
                    *****************************************************



---------------------------------------------------------------
                         PATH SUMMARY              
---------------------------------------------------------------
All forces in Eh/Bohr.

Image Dist.(Ang.)    E(Eh)   dE(kcal/mol)  max(|Fp|)  RMS(Fp)
  0     0.000     -16.10299      0.00       0.03116   0.00768 <= HEI
  1     0.296     -16.11842     -9.68       0.00034   0.00018
  2     0.592     -16.12957    -16.68       0.00044   0.00017
  3     0.884     -16.13365    -19.24       0.00035   0.00015
  4     1.193     -16.13444    -19.73       0.00376   0.00099

Straight line distance between images along the path:
        D( 0- 1) =   0.2963 Ang.
        D( 1- 2) =   0.2961 Ang.
        D( 2- 3) =   0.2913 Ang.
        D( 3- 4) =   0.3096 Ang.

---------------------------------------------------------------
           INFORMATION ABOUT HIGHEST ENERGY IMAGE
---------------------------------------------------------------

Highest energy image                      ....  0 
Energy                                    ....  -16.10299475 Eh
Max. abs. force                           ....  4.4589e-02 Eh/Bohr

-----------------------------------------
  HIGHEST ENERGY IMAGE (ANGSTROEM)
-----------------------------------------
C     -0.424402     0.005033    -0.253548 
C      0.945392    -0.261398    -0.608192 
Cl     1.214828    -0.710769    -2.594976 
H     -0.477912     0.237511     0.832681 
H     -1.076451    -0.853957    -0.411790 
H     -0.833042     0.873707    -0.769829 
H      1.373382    -1.164062    -0.190561 
H      1.619723     0.583937    -0.552499 
O     -0.696952     0.564049     2.256045 
H     -1.644567     0.725950     2.292668 

-----------------------------------------
  FORCES (Eh/Bohr)
-----------------------------------------
C      0.002213    -0.009544    -0.044589 
C     -0.000056     0.000017     0.000065 
Cl     0.000036     0.000003     0.000026 
H     -0.002182     0.009539     0.044581 
H     -0.000017    -0.000004    -0.000018 
H     -0.000017     0.000003    -0.000019 
H      0.000005    -0.000017    -0.000033 
H      0.000006    -0.000001    -0.000044 
O     -0.000007     0.000007     0.000026 
H      0.000019    -0.000003     0.000004 

-----------------------------------------
  UNIT TANGENT
-----------------------------------------
C      0.022670    -0.059950    -0.274101 
C     -0.077419     0.052804     0.202476 
Cl     0.185012    -0.092178    -0.320661 
H     -0.111627     0.175313     0.767291 
H     -0.027328    -0.030466     0.034488 
H     -0.016377     0.047609     0.018245 
H     -0.035647    -0.016047    -0.034774 
H     -0.032007     0.010048    -0.040203 
O      0.035714    -0.057579    -0.251734 
H      0.057008    -0.029553    -0.101027 
 => Unit tangent is an approximation to the TS mode at the saddle point
----------
STATISTICS
----------

For the individual parts of the NEB, NEB-CI or NEB-TS run:

Number of iterations:
     NEB                               ... 21  100.0%
Number of SCF / gradient calculations:
     NEB                               ... 71  100.0%

----------
 TIMINGS
----------

For the individual parts of the NEB, NEB-CI or NEB-TS run:

Total                                  ...       32.699 sec
NEB                                    ...       32.699 sec  100.0%


Timings for individual modules:

Sum of individual times         ...       32.755 sec (=   0.546 min)
XTB module                      ...        0.056 sec (=   0.001 min)   0.2 %
NEB Iterations                  ...       32.699 sec (=   0.545 min)  99.8 %
                             ****ORCA TERMINATED NORMALLY****
TOTAL RUN TIME: 0 days 0 hours 0 minutes 33 seconds 740 msec
